TLC2 Version 2026.10.03.231403 (rev: 1813307)
Running breadth-first search Model-Checking with fp 0 and seed 1 with 1 worker on 16 cores with 981MB heap and 64MB offheap memory (Mac OS X 27.0 aarch64, Homebrew 25.0.2 64bit, MSBDiskFPSet, DiskStateQueue).
Parsing standard or local module
Parsing standard or local module
Parsing standard or local module
Parsing standard or local module
Semantic processing of module Naturals
Semantic processing of module Sequences
Semantic processing of module FiniteSets
Semantic processing of module Admission
Linting of module Admission
Starting... (2026-10-03 23:48:21)
Computing initial states...
Finished computing initial states: 1 distinct state generated at 2026-10-03 23:48:21.
Error: Invariant ReceiptRecoverable is violated.
Error: The behavior up to this point is:
State 1: <Initial predicate>
/\ pending = {}
/\ lostAtCrash = {}
/\ admissionCount = ("scopeA/op1" :> 0 @@ "scopeB/op1" :> 0)
/\ commitHistory = {}
/\ inputPayload = "p"
/\ committedAtCrash = {}
/\ rejected = {}
/\ recoveredDispatch = FALSE
/\ observedReceipts = {}
/\ outbox = {}
/\ recoveredReceipt = FALSE
/\ committed = {}
/\ inputKey = "scopeA/op1"
/\ requests = {}
/\ phase = "idle"
/\ recoveryOK = TRUE
/\ receipt = <<"scopeA/op1", "p", 1>>
/\ causal = {}
/\ workQueue = {}

State 2: <Submit("scopeA/op1","p") line 30, col 5 to line 34, col 74 of module Admission>
/\ pending = {}
/\ lostAtCrash = {}
/\ admissionCount = ("scopeA/op1" :> 0 @@ "scopeB/op1" :> 0)
/\ commitHistory = {}
/\ inputPayload = "p"
/\ committedAtCrash = {}
/\ rejected = {}
/\ recoveredDispatch = FALSE
/\ observedReceipts = {}
/\ outbox = {}
/\ recoveredReceipt = FALSE
/\ committed = {}
/\ inputKey = "scopeA/op1"
/\ requests = {}
/\ phase = "prepared"
/\ recoveryOK = TRUE
/\ receipt = <<"scopeA/op1", "p", 1>>
/\ causal = {}
/\ workQueue = {}

State 3: <EarlyReceipt line 84, col 5 to line 90, col 92 of module Admission>
/\ pending = {}
/\ lostAtCrash = {}
/\ admissionCount = ("scopeA/op1" :> 0 @@ "scopeB/op1" :> 0)
/\ commitHistory = {}
/\ inputPayload = "p"
/\ committedAtCrash = {}
/\ rejected = {}
/\ recoveredDispatch = FALSE
/\ observedReceipts = {<<"scopeA/op1", "p", <<"scopeA/op1", "p", 1>>>>}
/\ outbox = {}
/\ recoveredReceipt = FALSE
/\ committed = {}
/\ inputKey = "scopeA/op1"
/\ requests = {}
/\ phase = "idle"
/\ recoveryOK = TRUE
/\ receipt = <<"scopeA/op1", "p", 1>>
/\ causal = {}
/\ workQueue = {}

8 states generated, 8 distinct states found, 5 states left on queue.
The depth of the complete state graph search is 3.
Finished in 00s at (2026-10-03 23:48:21)
