TLC2 Version 2026.10.03.231403 (rev: 1813307)
Running breadth-first search Model-Checking with fp 0 and seed 1 with 1 worker on 16 cores with 981MB heap and 64MB offheap memory (Mac OS X 27.0 aarch64, Homebrew 25.0.2 64bit, MSBDiskFPSet, DiskStateQueue).
Parsing standard or local module
Parsing standard or local module
Parsing standard or local module
Parsing standard or local module
Semantic processing of module Naturals
Semantic processing of module Sequences
Semantic processing of module FiniteSets
Semantic processing of module Continuations
Linting of module Continuations
Starting... (2026-10-03 21:41:32)
Computing initial states...
Finished computing initial states: 1 distinct state generated at 2026-10-03 21:41:32.
Error: Invariant RecoveryBeforeDispatch is violated.
Error: The behavior up to this point is:
State 1: <Initial predicate>

State 2: <Dispatch(r1) line 33, col 5 to line 39, col 110 of module Continuations>
/\ attempts = (r1 :> 1 @@ r2 :> 0)
/\ sent = {r1}

5 states generated, 5 distinct states found, 3 states left on queue.
The depth of the complete state graph search is 2.
Finished in 00s at (2026-10-03 21:41:32)
