TLC2 Version 2026.10.03.231403 (rev: 1813307)
Running breadth-first search Model-Checking with fp 0 and seed 1 with 1 worker on 16 cores with 981MB heap and 64MB offheap memory (Mac OS X 27.0 aarch64, Homebrew 25.0.2 64bit, MSBDiskFPSet, DiskStateQueue).
Parsing standard or local module
Parsing standard or local module
Parsing standard or local module
Parsing standard or local module
Semantic processing of module Naturals
Semantic processing of module Sequences
Semantic processing of module FiniteSets
Semantic processing of module Delivery
Linting of module Delivery
Starting... (2026-10-03 22:25:40)
Computing initial states...
Finished computing initial states: 1 distinct state generated at 2026-10-03 22:25:40.
Error: Invariant NoTwoDestinations is violated.
Error: The behavior up to this point is:
State 1: <Initial predicate>
/\ boundSerial = [m1 |-> 0, m2 |-> 0]
/\ checked = {}
/\ approvalOK = TRUE
/\ target = [m1 |-> "A-chat", m2 |-> "A-chat"]
/\ active = {"A-chat", "A-email", "B-chat", "B-email"}
/\ attempts = [m1 |-> 0, m2 |-> 0]
/\ boundVersion = [m1 |-> 0, m2 |-> 0]
/\ status = [m1 |-> "new", m2 |-> "new"]
/\ route = ( "A-chat" :> "A-chat" @@
  "A-email" :> "A-email" @@
  "B-chat" :> "B-chat" @@
  "B-email" :> "B-email" )
/\ version = ("A-chat" :> 0 @@ "A-email" :> 0 @@ "B-chat" :> 0 @@ "B-email" :> 0)
/\ serial = ("A-chat" :> 0 @@ "A-email" :> 0 @@ "B-chat" :> 0 @@ "B-email" :> 0)
/\ admitted = {}
/\ admissionOK = TRUE
/\ targetOK = TRUE

State 2: <Authorize("m1","A-chat") line 27, col 5 to line 36, col 53 of module Delivery>
/\ status = [m1 |-> "ready", m2 |-> "new"]

State 3: <Authorize("m2","A-email") line 27, col 5 to line 36, col 53 of module Delivery>
/\ target = [m1 |-> "A-chat", m2 |-> "A-email"]
/\ status = [m1 |-> "ready", m2 |-> "ready"]

State 4: <Check("m1") line 38, col 13 to line 42, col 40 of module Delivery>
/\ checked = {"m1"}

State 5: <Admit("m1","A-chat") line 58, col 8 to line 66, col 56 of module Delivery>
/\ attempts = [m1 |-> 1, m2 |-> 0]
/\ admitted = {<<"m1", "A-chat">>}

State 6: <Check("m2") line 38, col 13 to line 42, col 40 of module Delivery>
/\ checked = {"m1", "m2"}
/\ attempts = [m1 |-> 1, m2 |-> 0]
/\ admitted = {<<"m1", "A-chat">>}

State 7: <Admit("m2","A-chat") line 58, col 8 to line 66, col 56 of module Delivery>
/\ boundSerial = [m1 |-> 0, m2 |-> 0]
/\ checked = {"m1", "m2"}
/\ approvalOK = TRUE
/\ target = [m1 |-> "A-chat", m2 |-> "A-email"]
/\ active = {"A-chat", "A-email", "B-chat", "B-email"}
/\ attempts = [m1 |-> 1, m2 |-> 1]
/\ boundVersion = [m1 |-> 0, m2 |-> 0]
/\ status = [m1 |-> "ready", m2 |-> "ready"]
/\ route = ( "A-chat" :> "A-chat" @@
  "A-email" :> "A-email" @@
  "B-chat" :> "B-chat" @@
  "B-email" :> "B-email" )
/\ version = ("A-chat" :> 0 @@ "A-email" :> 0 @@ "B-chat" :> 0 @@ "B-email" :> 0)
/\ serial = ("A-chat" :> 0 @@ "A-email" :> 0 @@ "B-chat" :> 0 @@ "B-email" :> 0)
/\ admitted = {<<"m1", "A-chat">>, <<"m2", "A-email">>}
/\ admissionOK = TRUE
/\ targetOK = TRUE

60260 states generated, 16338 distinct states found, 10936 states left on queue.
The depth of the complete state graph search is 7.
Finished in 00s at (2026-10-03 22:25:40)
