TLC2 Version 2026.10.03.231403 (rev: 1813307)
Running breadth-first search Model-Checking with fp 0 and seed 1 with 1 worker on 16 cores with 981MB heap and 64MB offheap memory (Mac OS X 27.0 aarch64, Homebrew 25.0.2 64bit, MSBDiskFPSet, DiskStateQueue).
Parsing standard or local module
Parsing standard or local module
Parsing standard or local module
Parsing standard or local module
Semantic processing of module Naturals
Semantic processing of module Sequences
Semantic processing of module FiniteSets
Semantic processing of module LocalExecution
Linting of module LocalExecution
Starting... (2026-10-04 01:23:06)
Computing initial states...
Finished computing initial states: 1 distinct state generated at 2026-10-04 01:23:06.
Error: Invariant FencedAttempt is violated.
Error: The behavior up to this point is:
State 1: <Initial predicate>
/\ result = FALSE
/\ invoked = FALSE
/\ epoch = 1
/\ commitOK = TRUE
/\ sends = 0
/\ crashes = 0
/\ completions = 0
/\ attempts = 0
/\ send = "ready"
/\ up = TRUE
/\ accepted = FALSE
/\ materialized = FALSE
/\ externalCount = 0
/\ pins = TRUE
/\ job = "none"
/\ issued = {}
/\ intent = FALSE

State 2: <AdmitSend line 19, col 5 to line 22, col 83 of module LocalExecution>
/\ sends = 1
/\ send = "inFlight"

State 3: <ProviderApply line 24, col 5 to line 27, col 83 of module LocalExecution>
/\ invoked = TRUE
/\ externalCount = 1

State 4: <AcceptReply line 35, col 5 to line 38, col 83 of module LocalExecution>
/\ accepted = TRUE
/\ intent = TRUE

State 5: <Materialize line 40, col 5 to line 45, col 76 of module LocalExecution>
/\ materialized = TRUE
/\ job = "ready"

State 6: <Claim line 47, col 5 to line 51, col 78 of module LocalExecution>
/\ attempts = 1
/\ job = "running"
/\ issued = {<<1, 1>>}

State 7: <Crash line 62, col 5 to line 66, col 86 of module LocalExecution>
/\ crashes = 1
/\ up = FALSE

State 8: <Restart line 68, col 5 to line 74, col 78 of module LocalExecution>
/\ epoch = 2
/\ send = "unknown"
/\ up = TRUE
/\ job = "ready"

State 9: <Claim line 47, col 5 to line 51, col 78 of module LocalExecution>
/\ epoch = 2
/\ attempts = 2
/\ send = "unknown"
/\ up = TRUE
/\ issued = {<<1, 1>>, <<2, 2>>}

State 10: <Next line 76, col 39 to line 76, col 75 of module LocalExecution>
/\ result = TRUE
/\ invoked = TRUE
/\ epoch = 2
/\ commitOK = FALSE
/\ sends = 1
/\ crashes = 1
/\ completions = 1
/\ attempts = 2
/\ send = "unknown"
/\ up = TRUE
/\ accepted = TRUE
/\ materialized = TRUE
/\ externalCount = 1
/\ pins = TRUE
/\ job = "done"
/\ issued = {<<1, 1>>, <<2, 2>>}
/\ intent = TRUE

106 states generated, 79 distinct states found, 15 states left on queue.
The depth of the complete state graph search is 10.
Finished in 00s at (2026-10-04 01:23:06)
