TLC2 Version 2026.10.03.231403 (rev: 1813307)
Running breadth-first search Model-Checking with fp 0 and seed 1 with 1 worker on 16 cores with 981MB heap and 64MB offheap memory (Mac OS X 27.0 aarch64, Homebrew 25.0.2 64bit, MSBDiskFPSet, DiskStateQueue).
Parsing standard or local module
Parsing standard or local module
Parsing standard or local module
Parsing standard or local module
Semantic processing of module Naturals
Semantic processing of module Sequences
Semantic processing of module FiniteSets
Semantic processing of module Ownership
Linting of module Ownership
Starting... (2026-10-04 00:07:54)
Computing initial states...
Finished computing initial states: 1 distinct state generated at 2026-10-04 00:07:54.
Error: Invariant ClaimOnlyEligible is violated.
Error: The behavior up to this point is:
State 1: <Initial predicate>
/\ claimOK = TRUE
/\ state = [ sA |->
      [ owner |-> "none",
        generation |-> 0,
        serial |-> 0,
        expiry |-> 0,
        cancelGeneration |-> 0,
        pending |-> TRUE,
        done |-> FALSE ],
  sB |->
      [ owner |-> "none",
        generation |-> 0,
        serial |-> 0,
        expiry |-> 0,
        cancelGeneration |-> 0,
        pending |-> TRUE,
        done |-> FALSE ] ]
/\ now = 0
/\ commitOK = TRUE
/\ transferred = {}
/\ renewed = FALSE
/\ transferResumed = FALSE
/\ heartbeatOK = TRUE
/\ preflight = {}
/\ localityOK = TRUE
/\ issued = {}
/\ reacquired = FALSE

State 2: <CheckClaim("sA","w1") line 61, col 5 to line 64, col 72 of module Ownership>
/\ preflight = {<<"sA", "w1", 0>>}

State 3: <CheckClaim("sA","w2") line 61, col 5 to line 64, col 72 of module Ownership>
/\ preflight = {<<"sA", "w1", 0>>, <<"sA", "w2", 0>>}

State 4: <Next line 98, col 10 to line 98, col 42 of module Ownership>
/\ state = [ sA |->
      [ owner |-> "w1",
        generation |-> 1,
        serial |-> 1,
        expiry |-> 2,
        cancelGeneration |-> 0,
        pending |-> TRUE,
        done |-> FALSE ],
  sB |->
      [ owner |-> "none",
        generation |-> 0,
        serial |-> 0,
        expiry |-> 0,
        cancelGeneration |-> 0,
        pending |-> TRUE,
        done |-> FALSE ] ]
/\ preflight = {<<"sA", "w2", 0>>}
/\ issued = {<<"sA", "w1", 1, 1>>}

State 5: <Next line 98, col 10 to line 98, col 42 of module Ownership>
/\ claimOK = FALSE
/\ state = [ sA |->
      [ owner |-> "w2",
        generation |-> 2,
        serial |-> 2,
        expiry |-> 2,
        cancelGeneration |-> 0,
        pending |-> TRUE,
        done |-> FALSE ],
  sB |->
      [ owner |-> "none",
        generation |-> 0,
        serial |-> 0,
        expiry |-> 0,
        cancelGeneration |-> 0,
        pending |-> TRUE,
        done |-> FALSE ] ]
/\ now = 0
/\ commitOK = TRUE
/\ transferred = {<<"sA", "w2", 2, 2>>}
/\ renewed = FALSE
/\ transferResumed = FALSE
/\ heartbeatOK = TRUE
/\ preflight = {}
/\ localityOK = TRUE
/\ issued = {<<"sA", "w1", 1, 1>>, <<"sA", "w2", 2, 2>>}
/\ reacquired = FALSE

658 states generated, 126 distinct states found, 83 states left on queue.
The depth of the complete state graph search is 5.
Finished in 00s at (2026-10-04 00:07:54)
