TLC2 Version 2026.10.03.231403 (rev: 1813307)
Running breadth-first search Model-Checking with fp 0 and seed 1 with 1 worker on 16 cores with 981MB heap and 64MB offheap memory (Mac OS X 27.0 aarch64, Homebrew 25.0.2 64bit, MSBDiskFPSet, DiskStateQueue).
Parsing standard or local module
Parsing standard or local module
Parsing standard or local module
Parsing standard or local module
Semantic processing of module Naturals
Semantic processing of module Sequences
Semantic processing of module FiniteSets
Semantic processing of module Ownership
Linting of module Ownership
Starting... (2026-10-04 00:07:56)
Computing initial states...
Finished computing initial states: 1 distinct state generated at 2026-10-04 00:07:56.
Error: Invariant SessionLocalOwnership is violated.
Error: The behavior up to this point is:
State 1: <Initial predicate>

State 2: <Claim("sA","w1") line 59, col 16 to line 59, col 72 of module Ownership>
/\ state = [ sA |->
      [ owner |-> "w1",
        generation |-> 1,
        serial |-> 1,
        expiry |-> 2,
        cancelGeneration |-> 0,
        pending |-> TRUE,
        done |-> FALSE ],
  sB |->
      [ owner |-> "w1",
        generation |-> 0,
        serial |-> 0,
        expiry |-> 0,
        cancelGeneration |-> 0,
        pending |-> TRUE,
        done |-> FALSE ] ]
/\ localityOK = FALSE
/\ issued = {<<"sA", "w1", 1, 1>>}

3 states generated, 3 distinct states found, 1 states left on queue.
The depth of the complete state graph search is 2.
Finished in 00s at (2026-10-04 00:07:56)
