TLC2 Version 2026.10.03.231403 (rev: 1813307)
Running breadth-first search Model-Checking with fp 0 and seed 1 with 1 worker on 16 cores with 981MB heap and 64MB offheap memory (Mac OS X 27.0 aarch64, Homebrew 25.0.2 64bit, MSBDiskFPSet, DiskStateQueue).
Parsing standard or local module
Parsing standard or local module
Parsing standard or local module
Parsing standard or local module
Parsing standard or local module
Semantic processing of module Naturals
Semantic processing of module Sequences
Semantic processing of module FiniteSets
Semantic processing of module TLC
Semantic processing of module ProcessorCommit
Linting of module ProcessorCommit
Starting... (2026-10-04 11:08:35)
Computing initial states...
Finished computing initial states: 1 distinct state generated at 2026-10-04 11:08:35.
Error: Invariant SingleWrite is violated.
Error: The behavior up to this point is:
State 1: <Initial predicate>
/\ done = FALSE
/\ validRoute = TRUE
/\ authorized = TRUE
/\ printState = "pending"
/\ snapshotRevision = 0
/\ writes = 0
/\ generation = 1
/\ quota = 2
/\ acceptedFence = TRUE
/\ children = {}
/\ result = FALSE
/\ stateCommitted = FALSE
/\ acceptedAuthority = TRUE
/\ receipts = 0
/\ prepared = FALSE
/\ commits = 0
/\ acceptedRoute = TRUE
/\ acceptedState = TRUE
/\ admitted = FALSE
/\ revision = 0
/\ snapshotGeneration = 0

State 2: <Admit line 21, col 10 to line 25, col 68 of module ProcessorCommit>
/\ receipts = 1
/\ admitted = TRUE

State 3: <Prepare line 32, col 12 to line 38, col 70 of module ProcessorCommit>
/\ prepared = TRUE
/\ snapshotGeneration = 1

State 4: <Commit line 50, col 11 to line 65, col 54 of module ProcessorCommit>
/\ done = TRUE
/\ children = {"a", "b"}
/\ result = TRUE
/\ stateCommitted = TRUE
/\ commits = 1

State 5: <BeginPrint line 73, col 15 to line 77, col 98 of module ProcessorCommit>
/\ printState = "printing"

State 6: <ConsumeWrite line 78, col 17 to line 82, col 100 of module ProcessorCommit>
/\ printState = "write_started"

State 7: <Write line 83, col 10 to line 88, col 97 of module ProcessorCommit>
/\ printState = "write_started"
/\ writes = 1

State 8: <FailedFinalizationRetry line 89, col 28 to line 94, col 115 of module ProcessorCommit>
/\ done = TRUE
/\ validRoute = TRUE
/\ authorized = TRUE
/\ printState = "write_started"
/\ snapshotRevision = 0
/\ writes = 2
/\ generation = 1
/\ quota = 2
/\ acceptedFence = TRUE
/\ children = {"a", "b"}
/\ result = TRUE
/\ stateCommitted = TRUE
/\ acceptedAuthority = TRUE
/\ receipts = 1
/\ prepared = TRUE
/\ commits = 1
/\ acceptedRoute = TRUE
/\ acceptedState = TRUE
/\ admitted = TRUE
/\ revision = 0
/\ snapshotGeneration = 1

49 states generated, 40 distinct states found, 0 states left on queue.
The depth of the complete state graph search is 8.
Finished in 00s at (2026-10-04 11:08:35)
