TLC2 Version 2026.10.03.231403 (rev: 1813307)
Running breadth-first search Model-Checking with fp 0 and seed 1 with 1 worker on 16 cores with 981MB heap and 64MB offheap memory (Mac OS X 27.0 aarch64, Homebrew 25.0.2 64bit, MSBDiskFPSet, DiskStateQueue).
Parsing standard or local module
Parsing standard or local module
Parsing standard or local module
Parsing standard or local module
Semantic processing of module Naturals
Semantic processing of module Sequences
Semantic processing of module FiniteSets
Semantic processing of module Retention
Linting of module Retention
Starting... (2026-10-04 00:05:15)
Computing initial states...
Finished computing initial states: 1 distinct state generated at 2026-10-04 00:05:15.
Error: Invariant NoReadmission is violated.
Error: The behavior up to this point is:
State 1: <Initial predicate>
/\ blocked = {}
/\ terminal = {}
/\ terminalAt = [a |-> 0, b |-> 0, c |-> 0]
/\ now = 0
/\ bodies = {}
/\ terminalHistory = {}
/\ pending = {}
/\ windowOK = TRUE
/\ staleRejected = {}
/\ queue = {}
/\ controlProgress = FALSE
/\ admissionCount = [a |-> 0, b |-> 0, c |-> 0]
/\ created = [a |-> 0, b |-> 0, c |-> 0]
/\ snapshot = TRUE
/\ control = {}

State 2: <Tick line 95, col 9 to line 98, col 54 of module Retention>
/\ now = 1

State 3: <Admit("a") line 28, col 5 to line 38, col 50 of module Retention>
/\ bodies = {"a"}
/\ pending = {"a"}
/\ queue = {"a"}
/\ admissionCount = [a |-> 1, b |-> 0, c |-> 0]
/\ created = [a |-> 1, b |-> 0, c |-> 0]
/\ control = {"a"}

State 4: <Finish("a") line 45, col 5 to line 53, col 43 of module Retention>
/\ terminal = {"a"}
/\ terminalAt = [a |-> 1, b |-> 0, c |-> 0]
/\ terminalHistory = {"a"}
/\ pending = {}
/\ queue = {}

State 5: <Tick line 95, col 9 to line 98, col 54 of module Retention>
/\ now = 2

State 6: <Tick line 95, col 9 to line 98, col 54 of module Retention>
/\ now = 3

State 7: <CollectBody("a") line 64, col 5 to line 69, col 41 of module Retention>
/\ bodies = {}

State 8: <CollectMarker("a") line 71, col 5 to line 76, col 26 of module Retention>
/\ terminal = {}
/\ bodies = {}
/\ control = {}

State 9: <Admit("a") line 28, col 5 to line 38, col 50 of module Retention>
/\ blocked = {}
/\ terminal = {}
/\ terminalAt = [a |-> 1, b |-> 0, c |-> 0]
/\ now = 3
/\ bodies = {"a"}
/\ terminalHistory = {"a"}
/\ pending = {"a"}
/\ windowOK = FALSE
/\ staleRejected = {}
/\ queue = {"a"}
/\ controlProgress = FALSE
/\ admissionCount = [a |-> 2, b |-> 0, c |-> 0]
/\ created = [a |-> 3, b |-> 0, c |-> 0]
/\ snapshot = TRUE
/\ control = {"a"}

8023 states generated, 4329 distinct states found, 2828 states left on queue.
The depth of the complete state graph search is 9.
Finished in 00s at (2026-10-04 00:05:15)
