TLC2 Version 2026.10.03.231403 (rev: 1813307)
Running breadth-first search Model-Checking with fp 0 and seed 1 with 1 worker on 16 cores with 981MB heap and 64MB offheap memory (Mac OS X 27.0 aarch64, Homebrew 25.0.2 64bit, MSBDiskFPSet, DiskStateQueue).
Parsing standard or local module
Parsing standard or local module
Parsing standard or local module
Parsing standard or local module
Semantic processing of module Naturals
Semantic processing of module Sequences
Semantic processing of module FiniteSets
Semantic processing of module SessionContext
Linting of module SessionContext
Starting... (2026-10-03 22:32:35)
Computing initial states...
Finished computing initial states: 1 distinct state generated at 2026-10-03 22:32:35.
Error: Invariant NoOtherCancelResume is violated.
Error: The behavior up to this point is:
State 1: <Initial predicate>
/\ contextOK = TRUE
/\ capturedGen = [a1 |-> 0, a2 |-> 0, b1 |-> 0]
/\ cancelled = {}
/\ fresh = {}
/\ runs = [a1 |-> 0, a2 |-> 0, b1 |-> 0]
/\ recoveryOK = TRUE
/\ compactRecovered = FALSE
/\ otherCancelResume = FALSE
/\ requestClosed = {}
/\ preserved = TRUE
/\ laterFirst = FALSE
/\ captured = [a1 |-> {}, a2 |-> {}, b1 |-> {}]
/\ claims = [a1 |-> 0, a2 |-> 0, b1 |-> 0]
/\ ownershipOK = TRUE
/\ laterResumedFirst = FALSE
/\ history = [sA |-> {<<"sA", "base">>}, sB |-> {<<"sB", "base">>}]
/\ resumeIntents = {}
/\ generation = [sA |-> 0, sB |-> 0]
/\ retentionOK = TRUE
/\ status = [a1 |-> "new", a2 |-> "new", b1 |-> "new"]
/\ archiveAvailable = [sA |-> TRUE, sB |-> TRUE]
/\ revision = [sA |-> 0, sB |-> 0]
/\ cache = [sA |-> "full", sB |-> "full"]

State 2: <Prepare("b1") line 43, col 5 to line 53, col 140 of module SessionContext>
/\ captured = [a1 |-> {}, a2 |-> {}, b1 |-> {<<"sB", "base">>, <<"sB", "b1", "call">>}]
/\ history = [sA |-> {<<"sA", "base">>}, sB |-> {<<"sB", "base">>, <<"sB", "b1", "call">>}]
/\ status = [a1 |-> "new", a2 |-> "new", b1 |-> "pending"]
/\ revision = [sA |-> 0, sB |-> 1]

State 3: <Accept("b1","sB") line 98, col 8 to line 110, col 130 of module SessionContext>
/\ claims = [a1 |-> 0, a2 |-> 0, b1 |-> 1]
/\ history = [ sA |-> {<<"sA", "base">>},
  sB |-> {<<"sB", "base">>, <<"sB", "b1", "call">>, <<"sB", "b1", "result">>} ]
/\ resumeIntents = {"b1"}
/\ status = [a1 |-> "new", a2 |-> "new", b1 |-> "accepted"]
/\ revision = [sA |-> 0, sB |-> 2]

State 4: <Cancel("sA") line 143, col 5 to line 151, col 140 of module SessionContext>
/\ cancelled = {"sA"}
/\ claims = [a1 |-> 0, a2 |-> 0, b1 |-> 1]
/\ history = [ sA |-> {<<"sA", "base">>},
  sB |-> {<<"sB", "base">>, <<"sB", "b1", "call">>, <<"sB", "b1", "result">>} ]
/\ resumeIntents = {"b1"}
/\ generation = [sA |-> 1, sB |-> 0]
/\ status = [a1 |-> "new", a2 |-> "new", b1 |-> "accepted"]
/\ revision = [sA |-> 0, sB |-> 2]

State 5: <Resume("b1") line 116, col 8 to line 134, col 65 of module SessionContext>
/\ contextOK = TRUE
/\ capturedGen = [a1 |-> 0, a2 |-> 0, b1 |-> 0]
/\ cancelled = {"sA"}
/\ fresh = {}
/\ runs = [a1 |-> 0, a2 |-> 0, b1 |-> 1]
/\ recoveryOK = TRUE
/\ compactRecovered = FALSE
/\ otherCancelResume = TRUE
/\ requestClosed = {}
/\ preserved = TRUE
/\ laterFirst = FALSE
/\ captured = [a1 |-> {}, a2 |-> {}, b1 |-> {<<"sB", "base">>, <<"sB", "b1", "call">>}]
/\ claims = [a1 |-> 0, a2 |-> 0, b1 |-> 1]
/\ ownershipOK = TRUE
/\ laterResumedFirst = FALSE
/\ history = [ sA |-> {<<"sA", "base">>},
  sB |-> {<<"sB", "base">>, <<"sB", "b1", "call">>, <<"sB", "b1", "result">>} ]
/\ resumeIntents = {"b1"}
/\ generation = [sA |-> 1, sB |-> 0]
/\ retentionOK = TRUE
/\ status = [a1 |-> "new", a2 |-> "new", b1 |-> "done"]
/\ archiveAvailable = [sA |-> TRUE, sB |-> TRUE]
/\ revision = [sA |-> 0, sB |-> 2]
/\ cache = [sA |-> "full", sB |-> "full"]

2634 states generated, 986 distinct states found, 783 states left on queue.
The depth of the complete state graph search is 5.
Finished in 00s at (2026-10-03 22:32:35)
