TLC2 Version 2026.10.03.231403 (rev: 1813307)
Running breadth-first search Model-Checking with fp 0 and seed 1 with 1 worker on 16 cores with 981MB heap and 64MB offheap memory (Mac OS X 27.0 aarch64, Homebrew 25.0.2 64bit, MSBDiskFPSet, DiskStateQueue).
Parsing standard or local module
Parsing standard or local module
Parsing standard or local module
Parsing standard or local module
Semantic processing of module Naturals
Semantic processing of module Sequences
Semantic processing of module FiniteSets
Semantic processing of module SessionContext
Linting of module SessionContext
Starting... (2026-10-03 22:32:37)
Computing initial states...
Finished computing initial states: 1 distinct state generated at 2026-10-03 22:32:38.
Error: Invariant SessionLocalRevision is violated.
Error: The behavior up to this point is:
State 1: <Initial predicate>

State 2: <Message("sA") line 55, col 5 to line 63, col 140 of module SessionContext>
/\ fresh = {"sA"}
/\ history = [sA |-> {<<"sA", "fresh">>, <<"sA", "base">>}, sB |-> {<<"sB", "base">>}]
/\ revision = [sA |-> 1, sB |-> 1]

4 states generated, 4 distinct states found, 2 states left on queue.
The depth of the complete state graph search is 2.
Finished in 00s at (2026-10-03 22:32:38)
