TLC2 Version 2026.10.03.231403 (rev: 1813307)
Running breadth-first search Model-Checking with fp 0 and seed 1 with 1 worker on 16 cores with 981MB heap and 64MB offheap memory (Mac OS X 27.0 aarch64, Homebrew 25.0.2 64bit, MSBDiskFPSet, DiskStateQueue).
Parsing standard or local module
Parsing standard or local module
Parsing standard or local module
Parsing standard or local module
Semantic processing of module Naturals
Semantic processing of module Sequences
Semantic processing of module FiniteSets
Semantic processing of module Waits
Linting of module Waits
Starting... (2026-10-03 22:27:56)
Computing initial states...
Finished computing initial states: 1 distinct state generated at 2026-10-03 22:27:56.
Progress(14) at 2026-10-03 22:27:59: 136,557 states generated (136,557 s/min), 37,281 distinct states found (37,281 ds/min), 12,058 states left on queue.
Model checking completed. No error has been found.
  Estimates of the probability that TLC did not check all reachable states
  because two distinct states had the same fingerprint:
  calculated (optimistic):  val = 1.0E-8
  based on the actual fingerprints:  val = 3.9E-9
1119745 states generated, 212544 distinct states found, 0 states left on queue.
The depth of the complete state graph search is 31.
The average outdegree of the complete state graph is 1 (minimum is 0, the maximum 6 and the 95th percentile is 2).
Finished in 22s at (2026-10-03 22:28:18)
